_from|_to
v1/11:111|v2/33:333
v1/11:111|v2/11:111
v1/22:222|v2/33:333
v1/22:222|v2/11:111
