_from|_to|_key
v2/33:333|v1/11:111|33:a:11
v2/11:111|v1/11:111|11:b:11
v2/33:333|v1/22:222|33:c:22
v2/11:111|v1/22:222|11:d:22
