_from|_to
v1/A:1|v2/D:3
v1/A:1|v2/C:1
v1/B:2|v2/D:3
v1/B:2|v2/C:1
