_key,_from,_to
44:1:22,profiles/44:444,profiles/22:222
11:2:44,profiles/11:111,profiles/44:444
99:3:44,profiles/99:999,profiles/44:444
55:4:33,profiles/55:555,profiles/33:333
11:5:22,profiles/11:111,profiles/22:222
44:6:99,profiles/44:444,profiles/99:999
77:7:99,profiles/77:777,profiles/99:999
22:8:44,profiles/22:222,profiles/44:444
55:9:55,profiles/55:555,profiles/55:555
88:10:77,profiles/88:888,profiles/77:777
